{
  "version": "1.5.0",
  "plugins_used": [
    {
      "name": "ArtifactoryDetector"
    },
    {
      "name": "AWSKeyDetector"
    },
    {
      "name": "AzureStorageKeyDetector"
    },
    {
      "name": "Base64HighEntropyString",
      "limit": 4.5
    },
    {
      "name": "BasicAuthDetector"
    },
    {
      "name": "CloudantDetector"
    },
    {
      "name": "DiscordBotTokenDetector"
    },
    {
      "name": "GitHubTokenDetector"
    },
    {
      "name": "GitLabTokenDetector"
    },
    {
      "name": "HexHighEntropyString",
      "limit": 3.0
    },
    {
      "name": "IbmCloudIamDetector"
    },
    {
      "name": "IbmCosHmacDetector"
    },
    {
      "name": "IPPublicDetector"
    },
    {
      "name": "JwtTokenDetector"
    },
    {
      "name": "KeywordDetector",
      "keyword_exclude": ""
    },
    {
      "name": "MailchimpDetector"
    },
    {
      "name": "NpmDetector"
    },
    {
      "name": "OpenAIDetector"
    },
    {
      "name": "PrivateKeyDetector"
    },
    {
      "name": "PypiTokenDetector"
    },
    {
      "name": "SendGridDetector"
    },
    {
      "name": "SlackDetector"
    },
    {
      "name": "SoftlayerDetector"
    },
    {
      "name": "SquareOAuthDetector"
    },
    {
      "name": "StripeDetector"
    },
    {
      "name": "TelegramBotTokenDetector"
    },
    {
      "name": "TwilioKeyDetector"
    }
  ],
  "filters_used": [
    {
      "path": "detect_secrets.filters.allowlist.is_line_allowlisted"
    },
    {
      "path": "detect_secrets.filters.common.is_baseline_file",
      "filename": ".secrets.baseline"
    },
    {
      "path": "detect_secrets.filters.common.is_ignored_due_to_verification_policies",
      "min_level": 2
    },
    {
      "path": "detect_secrets.filters.heuristic.is_indirect_reference"
    },
    {
      "path": "detect_secrets.filters.heuristic.is_likely_id_string"
    },
    {
      "path": "detect_secrets.filters.heuristic.is_lock_file"
    },
    {
      "path": "detect_secrets.filters.heuristic.is_not_alphanumeric_string"
    },
    {
      "path": "detect_secrets.filters.heuristic.is_potential_uuid"
    },
    {
      "path": "detect_secrets.filters.heuristic.is_prefixed_with_dollar_sign"
    },
    {
      "path": "detect_secrets.filters.heuristic.is_sequential_string"
    },
    {
      "path": "detect_secrets.filters.heuristic.is_swagger_file"
    },
    {
      "path": "detect_secrets.filters.heuristic.is_templated_secret"
    },
    {
      "path": "detect_secrets.filters.regex.should_exclude_file",
      "pattern": [
        "^\\.secrets\\.baseline$",
        "^ios/PulsePlate\\.xcodeproj/xcshareddata/xcschemes/PulsePlate\\.xcscheme$",
        "^ios/\\.build/",
        "^\\.venv/",
        "^\\.venv-ci/",
        "^node_modules/",
        "^dist/",
        "^build/"
      ]
    }
  ],
  "results": {
    ".github/workflows/accessibility.yml": [
      {
        "type": "Secret Keyword",
        "filename": ".github/workflows/accessibility.yml",
        "hashed_secret": "00942f4668670f34c5943cf52c7ef3139fe2b8d6",
        "is_verified": false,
        "line_number": 36
      }
    ],
    ".github/workflows/ci.yml": [
      {
        "type": "Secret Keyword",
        "filename": ".github/workflows/ci.yml",
        "hashed_secret": "00942f4668670f34c5943cf52c7ef3139fe2b8d6",
        "is_verified": false,
        "line_number": 260
      }
    ],
    ".github/workflows/frontend-ci.yml": [
      {
        "type": "Secret Keyword",
        "filename": ".github/workflows/frontend-ci.yml",
        "hashed_secret": "00942f4668670f34c5943cf52c7ef3139fe2b8d6",
        "is_verified": false,
        "line_number": 29
      }
    ],
    ".github/workflows/nightly.yml": [
      {
        "type": "Secret Keyword",
        "filename": ".github/workflows/nightly.yml",
        "hashed_secret": "206c80413b9a96c1312cc346b7d2517b84463edd",
        "is_verified": false,
        "line_number": 283
      },
      {
        "type": "Basic Auth Credentials",
        "filename": ".github/workflows/nightly.yml",
        "hashed_secret": "206c80413b9a96c1312cc346b7d2517b84463edd",
        "is_verified": false,
        "line_number": 313
      }
    ],
    ".github/workflows/pr-coverage.yml": [
      {
        "type": "Secret Keyword",
        "filename": ".github/workflows/pr-coverage.yml",
        "hashed_secret": "00942f4668670f34c5943cf52c7ef3139fe2b8d6",
        "is_verified": false,
        "line_number": 64
      }
    ],
    "conftest.py": [
      {
        "type": "Secret Keyword",
        "filename": "conftest.py",
        "hashed_secret": "7cb6efb98ba5972a9b5090dc2e517fe14d12cb04",
        "is_verified": false,
        "line_number": 250
      },
      {
        "type": "Secret Keyword",
        "filename": "conftest.py",
        "hashed_secret": "ca902fc4b2b2907cb3668d01b43407a168623ea7",
        "is_verified": false,
        "line_number": 251
      },
      {
        "type": "Secret Keyword",
        "filename": "conftest.py",
        "hashed_secret": "5ffe533b830f08a0326348a9160afafc8ada44db",
        "is_verified": false,
        "line_number": 273
      },
      {
        "type": "Secret Keyword",
        "filename": "conftest.py",
        "hashed_secret": "00942f4668670f34c5943cf52c7ef3139fe2b8d6",
        "is_verified": false,
        "line_number": 274
      }
    ],
    "core/integrated_bayesian_analyzer.py": [
      {
        "type": "Secret Keyword",
        "filename": "core/integrated_bayesian_analyzer.py",
        "hashed_secret": "656ab8f8939a3d88040a31321d008f5ccce55c91",
        "is_verified": false,
        "line_number": 23
      }
    ],
    "data/database_versions 2.json": [
      {
        "type": "Hex High Entropy String",
        "filename": "data/database_versions 2.json",
        "hashed_secret": "3e9d1737117ff62b23e37aedc72b522b0134997a",
        "is_verified": false,
        "line_number": 7
      }
    ],
    "data/database_versions.json": [
      {
        "type": "Hex High Entropy String",
        "filename": "data/database_versions.json",
        "hashed_secret": "3e9d1737117ff62b23e37aedc72b522b0134997a",
        "is_verified": false,
        "line_number": 7
      }
    ],
    "docs/IOS_API_INTEGRATION.md": [
      {
        "type": "Secret Keyword",
        "filename": "docs/IOS_API_INTEGRATION.md",
        "hashed_secret": "665b1e3851eefefa3fb878654292f16597d25155",
        "is_verified": false,
        "line_number": 865
      }
    ],
    "docs/MOBILE_API_MIGRATION_GUIDE.md": [
      {
        "type": "Secret Keyword",
        "filename": "docs/MOBILE_API_MIGRATION_GUIDE.md",
        "hashed_secret": "c255aae88c50a9cde62e5cb95bd49d99f4e15088",
        "is_verified": false,
        "line_number": 458
      }
    ],
    "fix_coverage_tests.py": [
      {
        "type": "Secret Keyword",
        "filename": "fix_coverage_tests.py",
        "hashed_secret": "00942f4668670f34c5943cf52c7ef3139fe2b8d6",
        "is_verified": false,
        "line_number": 26
      }
    ],
    "frontend/public/mockServiceWorker 2.js": [
      {
        "type": "Hex High Entropy String",
        "filename": "frontend/public/mockServiceWorker 2.js",
        "hashed_secret": "992fb17b2709e520bb55b00bf985b02964b806cf",
        "is_verified": false,
        "line_number": 11
      }
    ],
    "frontend/public/mockServiceWorker.js": [
      {
        "type": "Hex High Entropy String",
        "filename": "frontend/public/mockServiceWorker.js",
        "hashed_secret": "992fb17b2709e520bb55b00bf985b02964b806cf",
        "is_verified": false,
        "line_number": 11
      }
    ],
    "frontend/src/auth/storage.ts": [
      {
        "type": "Secret Keyword",
        "filename": "frontend/src/auth/storage.ts",
        "hashed_secret": "3e55be9a36c0bb4b1451a6d6deb16fde61321538",
        "is_verified": false,
        "line_number": 5
      }
    ],
    "frontend/src/components/__tests__/TabBar.test.tsx": [
      {
        "type": "Secret Keyword",
        "filename": "frontend/src/components/__tests__/TabBar.test.tsx",
        "hashed_secret": "3acfb2c2b433c0ea7ff107e33df91b18e52f960f",
        "is_verified": false,
        "line_number": 199
      }
    ],
    "frontend/src/lib/__tests__/useApiKey.test.ts": [
      {
        "type": "Secret Keyword",
        "filename": "frontend/src/lib/__tests__/useApiKey.test.ts",
        "hashed_secret": "2e7a7ee14caebf378fc32d6cf6f557f347c96773",
        "is_verified": false,
        "line_number": 16
      },
      {
        "type": "Secret Keyword",
        "filename": "frontend/src/lib/__tests__/useApiKey.test.ts",
        "hashed_secret": "a94a8fe5ccb19ba61c4c0873d391e987982fbbd3",
        "is_verified": false,
        "line_number": 76
      }
    ],
    "frontend/vitest.config.ts": [
      {
        "type": "Secret Keyword",
        "filename": "frontend/vitest.config.ts",
        "hashed_secret": "00942f4668670f34c5943cf52c7ef3139fe2b8d6",
        "is_verified": false,
        "line_number": 9
      }
    ],
    "mcp-config.json": [
      {
        "type": "Secret Keyword",
        "filename": "mcp-config.json",
        "hashed_secret": "26adb00e3d2ce26c9d600cf5c2a8e02304380ad2",
        "is_verified": false,
        "line_number": 7
      }
    ],
    "run_tests_simple.sh": [
      {
        "type": "Secret Keyword",
        "filename": "run_tests_simple.sh",
        "hashed_secret": "00942f4668670f34c5943cf52c7ef3139fe2b8d6",
        "is_verified": false,
        "line_number": 25
      }
    ],
    "scripts/analyze_coverage_gaps.py": [
      {
        "type": "Secret Keyword",
        "filename": "scripts/analyze_coverage_gaps.py",
        "hashed_secret": "00942f4668670f34c5943cf52c7ef3139fe2b8d6",
        "is_verified": false,
        "line_number": 57
      },
      {
        "type": "Secret Keyword",
        "filename": "scripts/analyze_coverage_gaps.py",
        "hashed_secret": "5ffe533b830f08a0326348a9160afafc8ada44db",
        "is_verified": false,
        "line_number": 59
      }
    ],
    "scripts/check_coverage_97.sh": [
      {
        "type": "Secret Keyword",
        "filename": "scripts/check_coverage_97.sh",
        "hashed_secret": "3acfb2c2b433c0ea7ff107e33df91b18e52f960f",
        "is_verified": false,
        "line_number": 12
      }
    ],
    "scripts/ensure_database_versions.py": [
      {
        "type": "Hex High Entropy String",
        "filename": "scripts/ensure_database_versions.py",
        "hashed_secret": "3e9d1737117ff62b23e37aedc72b522b0134997a",
        "is_verified": false,
        "line_number": 22
      }
    ],
    "scripts/normalize_off_version.py": [
      {
        "type": "Hex High Entropy String",
        "filename": "scripts/normalize_off_version.py",
        "hashed_secret": "3e9d1737117ff62b23e37aedc72b522b0134997a",
        "is_verified": false,
        "line_number": 64
      }
    ],
    "scripts/test_rate_limiting.sh": [
      {
        "type": "Secret Keyword",
        "filename": "scripts/test_rate_limiting.sh",
        "hashed_secret": "7b25c8f8a5aea9e58d09af52309cae6a96a5dafd",
        "is_verified": false,
        "line_number": 146
      }
    ],
    "scripts/update_off_count.py": [
      {
        "type": "Hex High Entropy String",
        "filename": "scripts/update_off_count.py",
        "hashed_secret": "3e9d1737117ff62b23e37aedc72b522b0134997a",
        "is_verified": false,
        "line_number": 116
      }
    ],
    "scripts/validate_data.py": [
      {
        "type": "Hex High Entropy String",
        "filename": "scripts/validate_data.py",
        "hashed_secret": "3e9d1737117ff62b23e37aedc72b522b0134997a",
        "is_verified": false,
        "line_number": 75
      }
    ],
    "setup_custom_mcp.py": [
      {
        "type": "Secret Keyword",
        "filename": "setup_custom_mcp.py",
        "hashed_secret": "26adb00e3d2ce26c9d600cf5c2a8e02304380ad2",
        "is_verified": false,
        "line_number": 80
      }
    ],
    "setup_env_check.py": [
      {
        "type": "Secret Keyword",
        "filename": "setup_env_check.py",
        "hashed_secret": "219b336a3878facc5fd66d768b17644c7bb5fbbd",
        "is_verified": false,
        "line_number": 72
      }
    ],
    "tests/conftest.py": [
      {
        "type": "Secret Keyword",
        "filename": "tests/conftest.py",
        "hashed_secret": "00942f4668670f34c5943cf52c7ef3139fe2b8d6",
        "is_verified": false,
        "line_number": 370
      }
    ],
    "tests/disabled_hypothesis/test_life_stage_error_branches_hypothesis.py": [
      {
        "type": "Secret Keyword",
        "filename": "tests/disabled_hypothesis/test_life_stage_error_branches_hypothesis.py",
        "hashed_secret": "00942f4668670f34c5943cf52c7ef3139fe2b8d6",
        "is_verified": false,
        "line_number": 22
      }
    ],
    "tests/disabled_hypothesis/test_llm_import_coverage.py": [
      {
        "type": "Secret Keyword",
        "filename": "tests/disabled_hypothesis/test_llm_import_coverage.py",
        "hashed_secret": "00942f4668670f34c5943cf52c7ef3139fe2b8d6",
        "is_verified": false,
        "line_number": 19
      },
      {
        "type": "Secret Keyword",
        "filename": "tests/disabled_hypothesis/test_llm_import_coverage.py",
        "hashed_secret": "3acfb2c2b433c0ea7ff107e33df91b18e52f960f",
        "is_verified": false,
        "line_number": 176
      }
    ],
    "tests/disabled_hypothesis/test_plate_targets_micros_hypothesis.py": [
      {
        "type": "Secret Keyword",
        "filename": "tests/disabled_hypothesis/test_plate_targets_micros_hypothesis.py",
        "hashed_secret": "00942f4668670f34c5943cf52c7ef3139fe2b8d6",
        "is_verified": false,
        "line_number": 20
      }
    ],
    "tests/disabled_hypothesis/test_premium_bmr_api.py": [
      {
        "type": "Secret Keyword",
        "filename": "tests/disabled_hypothesis/test_premium_bmr_api.py",
        "hashed_secret": "00942f4668670f34c5943cf52c7ef3139fe2b8d6",
        "is_verified": false,
        "line_number": 28
      },
      {
        "type": "Secret Keyword",
        "filename": "tests/disabled_hypothesis/test_premium_bmr_api.py",
        "hashed_secret": "172ce43af039f34e03db145738088d0addc715d9",
        "is_verified": false,
        "line_number": 212
      }
    ],
    "tests/disabled_hypothesis/test_premium_targets_i18n_snapshot_hypothesis.py": [
      {
        "type": "Secret Keyword",
        "filename": "tests/disabled_hypothesis/test_premium_targets_i18n_snapshot_hypothesis.py",
        "hashed_secret": "00942f4668670f34c5943cf52c7ef3139fe2b8d6",
        "is_verified": false,
        "line_number": 21
      }
    ],
    "tests/disabled_hypothesis/test_premium_week_hypothesis_simple.py": [
      {
        "type": "Secret Keyword",
        "filename": "tests/disabled_hypothesis/test_premium_week_hypothesis_simple.py",
        "hashed_secret": "00942f4668670f34c5943cf52c7ef3139fe2b8d6",
        "is_verified": false,
        "line_number": 58
      }
    ],
    "tests/disabled_hypothesis/test_targets_api.py": [
      {
        "type": "Secret Keyword",
        "filename": "tests/disabled_hypothesis/test_targets_api.py",
        "hashed_secret": "00942f4668670f34c5943cf52c7ef3139fe2b8d6",
        "is_verified": false,
        "line_number": 21
      }
    ],
    "tests/disabled_hypothesis/test_weekly_planning_super_coverage.py": [
      {
        "type": "Secret Keyword",
        "filename": "tests/disabled_hypothesis/test_weekly_planning_super_coverage.py",
        "hashed_secret": "00942f4668670f34c5943cf52c7ef3139fe2b8d6",
        "is_verified": false,
        "line_number": 31
      }
    ],
    "tests/disabled_hypothesis/test_working_endpoints_97.py": [
      {
        "type": "Secret Keyword",
        "filename": "tests/disabled_hypothesis/test_working_endpoints_97.py",
        "hashed_secret": "b9615cef6cff3572af1365ff44c8b92ea9266f3e",
        "is_verified": false,
        "line_number": 67
      }
    ],
    "tests/edges/test_vip_auth_edges.py": [
      {
        "type": "Secret Keyword",
        "filename": "tests/edges/test_vip_auth_edges.py",
        "hashed_secret": "5ffe533b830f08a0326348a9160afafc8ada44db",
        "is_verified": false,
        "line_number": 24
      }
    ],
    "tests/test_aliases_coverage_96.py": [
      {
        "type": "Secret Keyword",
        "filename": "tests/test_aliases_coverage_96.py",
        "hashed_secret": "00942f4668670f34c5943cf52c7ef3139fe2b8d6",
        "is_verified": false,
        "line_number": 20
      }
    ],
    "tests/test_api_endpoint.py": [
      {
        "type": "Secret Keyword",
        "filename": "tests/test_api_endpoint.py",
        "hashed_secret": "767ef7376d44bb6e52b390ddcd12c1cb1b3902a4",
        "is_verified": false,
        "line_number": 18
      }
    ],
    "tests/test_api_tiers.py": [
      {
        "type": "Secret Keyword",
        "filename": "tests/test_api_tiers.py",
        "hashed_secret": "5ffe533b830f08a0326348a9160afafc8ada44db",
        "is_verified": false,
        "line_number": 61
      },
      {
        "type": "Secret Keyword",
        "filename": "tests/test_api_tiers.py",
        "hashed_secret": "c5b62ea9ada21743c6f353e4a45bc8648b377006",
        "is_verified": false,
        "line_number": 124
      }
    ],
    "tests/test_app_97_coverage_simple.py": [
      {
        "type": "Secret Keyword",
        "filename": "tests/test_app_97_coverage_simple.py",
        "hashed_secret": "00942f4668670f34c5943cf52c7ef3139fe2b8d6",
        "is_verified": false,
        "line_number": 25
      }
    ],
    "tests/test_app_bmi_v1.py": [
      {
        "type": "Secret Keyword",
        "filename": "tests/test_app_bmi_v1.py",
        "hashed_secret": "00942f4668670f34c5943cf52c7ef3139fe2b8d6",
        "is_verified": false,
        "line_number": 26
      }
    ],
    "tests/test_app_branching_and_errors.py": [
      {
        "type": "Secret Keyword",
        "filename": "tests/test_app_branching_and_errors.py",
        "hashed_secret": "7cb6efb98ba5972a9b5090dc2e517fe14d12cb04",
        "is_verified": false,
        "line_number": 16
      },
      {
        "type": "Secret Keyword",
        "filename": "tests/test_app_branching_and_errors.py",
        "hashed_secret": "dff6d4ff5dc357cf451d1855ab9cbda562645c9f",
        "is_verified": false,
        "line_number": 17
      }
    ],
    "tests/test_app_coverage_missing_lines.py": [
      {
        "type": "Secret Keyword",
        "filename": "tests/test_app_coverage_missing_lines.py",
        "hashed_secret": "172ce43af039f34e03db145738088d0addc715d9",
        "is_verified": false,
        "line_number": 35
      },
      {
        "type": "Secret Keyword",
        "filename": "tests/test_app_coverage_missing_lines.py",
        "hashed_secret": "5ffe533b830f08a0326348a9160afafc8ada44db",
        "is_verified": false,
        "line_number": 55
      }
    ],
    "tests/test_app_coverage_optimized.py": [
      {
        "type": "Secret Keyword",
        "filename": "tests/test_app_coverage_optimized.py",
        "hashed_secret": "00942f4668670f34c5943cf52c7ef3139fe2b8d6",
        "is_verified": false,
        "line_number": 16
      },
      {
        "type": "Secret Keyword",
        "filename": "tests/test_app_coverage_optimized.py",
        "hashed_secret": "7cb6efb98ba5972a9b5090dc2e517fe14d12cb04",
        "is_verified": false,
        "line_number": 169
      }
    ],
    "tests/test_app_coverage_unit_combined.py": [
      {
        "type": "Secret Keyword",
        "filename": "tests/test_app_coverage_unit_combined.py",
        "hashed_secret": "e2a41f90b2e59f1b35df9f6f500188988639f8de",
        "is_verified": false,
        "line_number": 104
      },
      {
        "type": "Secret Keyword",
        "filename": "tests/test_app_coverage_unit_combined.py",
        "hashed_secret": "ca6bef61e666e4c8985e5ea22e682f23a06040ba",
        "is_verified": false,
        "line_number": 106
      }
    ],
    "tests/test_app_exact_coverage_96.py": [
      {
        "type": "Secret Keyword",
        "filename": "tests/test_app_exact_coverage_96.py",
        "hashed_secret": "00942f4668670f34c5943cf52c7ef3139fe2b8d6",
        "is_verified": false,
        "line_number": 21
      }
    ],
    "tests/test_app_extended_coverage.py": [
      {
        "type": "Secret Keyword",
        "filename": "tests/test_app_extended_coverage.py",
        "hashed_secret": "00942f4668670f34c5943cf52c7ef3139fe2b8d6",
        "is_verified": false,
        "line_number": 27
      }
    ],
    "tests/test_app_extra_coverage.py": [
      {
        "type": "Secret Keyword",
        "filename": "tests/test_app_extra_coverage.py",
        "hashed_secret": "3acfb2c2b433c0ea7ff107e33df91b18e52f960f",
        "is_verified": false,
        "line_number": 20
      }
    ],
    "tests/test_app_missing_coverage_96.py": [
      {
        "type": "Secret Keyword",
        "filename": "tests/test_app_missing_coverage_96.py",
        "hashed_secret": "00942f4668670f34c5943cf52c7ef3139fe2b8d6",
        "is_verified": false,
        "line_number": 19
      }
    ],
    "tests/test_app_missing_lines_extra.py": [
      {
        "type": "Secret Keyword",
        "filename": "tests/test_app_missing_lines_extra.py",
        "hashed_secret": "00942f4668670f34c5943cf52c7ef3139fe2b8d6",
        "is_verified": false,
        "line_number": 15
      }
    ],
    "tests/test_app_real_coverage_97.py": [
      {
        "type": "Secret Keyword",
        "filename": "tests/test_app_real_coverage_97.py",
        "hashed_secret": "00942f4668670f34c5943cf52c7ef3139fe2b8d6",
        "is_verified": false,
        "line_number": 24
      }
    ],
    "tests/test_app_simple_coverage_clean.py": [
      {
        "type": "Secret Keyword",
        "filename": "tests/test_app_simple_coverage_clean.py",
        "hashed_secret": "d4e0e04792fd434b5dc9c4155c178f66edcf4ed3",
        "is_verified": false,
        "line_number": 24
      }
    ],
    "tests/test_bayesian_diff_gaps.py": [
      {
        "type": "Secret Keyword",
        "filename": "tests/test_bayesian_diff_gaps.py",
        "hashed_secret": "e5e9fa1ba31ecd1ae84f75caaa474f3a663f05f4",
        "is_verified": false,
        "line_number": 289
      }
    ],
    "tests/test_business_router_coverage.py": [
      {
        "type": "Secret Keyword",
        "filename": "tests/test_business_router_coverage.py",
        "hashed_secret": "3acfb2c2b433c0ea7ff107e33df91b18e52f960f",
        "is_verified": false,
        "line_number": 115
      }
    ],
    "tests/test_comprehensive_bayesian_analyzer.py": [
      {
        "type": "Secret Keyword",
        "filename": "tests/test_comprehensive_bayesian_analyzer.py",
        "hashed_secret": "a6c4db13d228623406a2d868e2fded86b19568ef",
        "is_verified": false,
        "line_number": 176
      }
    ],
    "tests/test_comprehensive_coverage.py": [
      {
        "type": "Secret Keyword",
        "filename": "tests/test_comprehensive_coverage.py",
        "hashed_secret": "00942f4668670f34c5943cf52c7ef3139fe2b8d6",
        "is_verified": false,
        "line_number": 25
      }
    ],
    "tests/test_core_db_additional_coverage.py": [
      {
        "type": "Basic Auth Credentials",
        "filename": "tests/test_core_db_additional_coverage.py",
        "hashed_secret": "9d4e1e23bd5b727046a9e3b4b7db57bd8d6ee684",
        "is_verified": false,
        "line_number": 9
      }
    ],
    "tests/test_core_db_comprehensive.py": [
      {
        "type": "Basic Auth Credentials",
        "filename": "tests/test_core_db_comprehensive.py",
        "hashed_secret": "9d4e1e23bd5b727046a9e3b4b7db57bd8d6ee684",
        "is_verified": false,
        "line_number": 137
      }
    ],
    "tests/test_core_db_coverage.py": [
      {
        "type": "Basic Auth Credentials",
        "filename": "tests/test_core_db_coverage.py",
        "hashed_secret": "9d4e1e23bd5b727046a9e3b4b7db57bd8d6ee684",
        "is_verified": false,
        "line_number": 47
      }
    ],
    "tests/test_core_db_enginecompat.py": [
      {
        "type": "Basic Auth Credentials",
        "filename": "tests/test_core_db_enginecompat.py",
        "hashed_secret": "9d4e1e23bd5b727046a9e3b4b7db57bd8d6ee684",
        "is_verified": false,
        "line_number": 162
      }
    ],
    "tests/test_core_db_missing_coverage.py": [
      {
        "type": "Basic Auth Credentials",
        "filename": "tests/test_core_db_missing_coverage.py",
        "hashed_secret": "9d4e1e23bd5b727046a9e3b4b7db57bd8d6ee684",
        "is_verified": false,
        "line_number": 44
      }
    ],
    "tests/test_core_schemas_coverage.py": [
      {
        "type": "Secret Keyword",
        "filename": "tests/test_core_schemas_coverage.py",
        "hashed_secret": "00942f4668670f34c5943cf52c7ef3139fe2b8d6",
        "is_verified": false,
        "line_number": 29
      }
    ],
    "tests/test_core_sports_nutrition_coverage.py": [
      {
        "type": "Secret Keyword",
        "filename": "tests/test_core_sports_nutrition_coverage.py",
        "hashed_secret": "00942f4668670f34c5943cf52c7ef3139fe2b8d6",
        "is_verified": false,
        "line_number": 22
      }
    ],
    "tests/test_core_units_coverage.py": [
      {
        "type": "Secret Keyword",
        "filename": "tests/test_core_units_coverage.py",
        "hashed_secret": "00942f4668670f34c5943cf52c7ef3139fe2b8d6",
        "is_verified": false,
        "line_number": 18
      }
    ],
    "tests/test_coverage_97_ultimate_final.py": [
      {
        "type": "Secret Keyword",
        "filename": "tests/test_coverage_97_ultimate_final.py",
        "hashed_secret": "00942f4668670f34c5943cf52c7ef3139fe2b8d6",
        "is_verified": false,
        "line_number": 18
      }
    ],
    "tests/test_coverage_boost.py": [
      {
        "type": "Secret Keyword",
        "filename": "tests/test_coverage_boost.py",
        "hashed_secret": "00942f4668670f34c5943cf52c7ef3139fe2b8d6",
        "is_verified": false,
        "line_number": 23
      }
    ],
    "tests/test_coverage_boost_96.py": [
      {
        "type": "Secret Keyword",
        "filename": "tests/test_coverage_boost_96.py",
        "hashed_secret": "00942f4668670f34c5943cf52c7ef3139fe2b8d6",
        "is_verified": false,
        "line_number": 19
      }
    ],
    "tests/test_coverage_final_boost.py": [
      {
        "type": "Secret Keyword",
        "filename": "tests/test_coverage_final_boost.py",
        "hashed_secret": "3acfb2c2b433c0ea7ff107e33df91b18e52f960f",
        "is_verified": false,
        "line_number": 43
      }
    ],
    "tests/test_coverage_improvement.py": [
      {
        "type": "Secret Keyword",
        "filename": "tests/test_coverage_improvement.py",
        "hashed_secret": "00942f4668670f34c5943cf52c7ef3139fe2b8d6",
        "is_verified": false,
        "line_number": 23
      }
    ],
    "tests/test_critical_blocks_targets_gaps.py": [
      {
        "type": "Secret Keyword",
        "filename": "tests/test_critical_blocks_targets_gaps.py",
        "hashed_secret": "00942f4668670f34c5943cf52c7ef3139fe2b8d6",
        "is_verified": false,
        "line_number": 30
      },
      {
        "type": "Secret Keyword",
        "filename": "tests/test_critical_blocks_targets_gaps.py",
        "hashed_secret": "f3be4bd471b8dd84d16f5273d2e33e5c7c9df7a8",
        "is_verified": false,
        "line_number": 350
      }
    ],
    "tests/test_daily_plate_coverage_96.py": [
      {
        "type": "Secret Keyword",
        "filename": "tests/test_daily_plate_coverage_96.py",
        "hashed_secret": "00942f4668670f34c5943cf52c7ef3139fe2b8d6",
        "is_verified": false,
        "line_number": 21
      }
    ],
    "tests/test_db_missing_lines_coverage.py": [
      {
        "type": "Basic Auth Credentials",
        "filename": "tests/test_db_missing_lines_coverage.py",
        "hashed_secret": "9d4e1e23bd5b727046a9e3b4b7db57bd8d6ee684",
        "is_verified": false,
        "line_number": 355
      }
    ],
    "tests/test_diff_coverage_boost.py": [
      {
        "type": "Secret Keyword",
        "filename": "tests/test_diff_coverage_boost.py",
        "hashed_secret": "00942f4668670f34c5943cf52c7ef3139fe2b8d6",
        "is_verified": false,
        "line_number": 27
      }
    ],
    "tests/test_enhanced_plate_api.py": [
      {
        "type": "Secret Keyword",
        "filename": "tests/test_enhanced_plate_api.py",
        "hashed_secret": "00942f4668670f34c5943cf52c7ef3139fe2b8d6",
        "is_verified": false,
        "line_number": 32
      }
    ],
    "tests/test_export_endpoints.py": [
      {
        "type": "Secret Keyword",
        "filename": "tests/test_export_endpoints.py",
        "hashed_secret": "00942f4668670f34c5943cf52c7ef3139fe2b8d6",
        "is_verified": false,
        "line_number": 20
      }
    ],
    "tests/test_export_endpoints_final_97.py": [
      {
        "type": "Secret Keyword",
        "filename": "tests/test_export_endpoints_final_97.py",
        "hashed_secret": "00942f4668670f34c5943cf52c7ef3139fe2b8d6",
        "is_verified": false,
        "line_number": 34
      }
    ],
    "tests/test_final_97_coverage.py": [
      {
        "type": "Secret Keyword",
        "filename": "tests/test_final_97_coverage.py",
        "hashed_secret": "00942f4668670f34c5943cf52c7ef3139fe2b8d6",
        "is_verified": false,
        "line_number": 21
      }
    ],
    "tests/test_final_coverage_96.py": [
      {
        "type": "Secret Keyword",
        "filename": "tests/test_final_coverage_96.py",
        "hashed_secret": "00942f4668670f34c5943cf52c7ef3139fe2b8d6",
        "is_verified": false,
        "line_number": 15
      }
    ],
    "tests/test_final_diff_coverage_boost.py": [
      {
        "type": "Secret Keyword",
        "filename": "tests/test_final_diff_coverage_boost.py",
        "hashed_secret": "7288edd0fc3ffcbe93a0cf06e3568e28521687bc",
        "is_verified": false,
        "line_number": 59
      }
    ],
    "tests/test_final_push_97_percent.py": [
      {
        "type": "Secret Keyword",
        "filename": "tests/test_final_push_97_percent.py",
        "hashed_secret": "00942f4668670f34c5943cf52c7ef3139fe2b8d6",
        "is_verified": false,
        "line_number": 76
      }
    ],
    "tests/test_food_apis.py": [
      {
        "type": "Secret Keyword",
        "filename": "tests/test_food_apis.py",
        "hashed_secret": "cbaf17f4a200f6a2d5a748efa7601497d328d950",
        "is_verified": false,
        "line_number": 49
      },
      {
        "type": "Secret Keyword",
        "filename": "tests/test_food_apis.py",
        "hashed_secret": "7bac3a781f4b9606796e1a61bc27b0966b884cdc",
        "is_verified": false,
        "line_number": 55
      }
    ],
    "tests/test_food_apis_basic_coverage.py": [
      {
        "type": "Secret Keyword",
        "filename": "tests/test_food_apis_basic_coverage.py",
        "hashed_secret": "00942f4668670f34c5943cf52c7ef3139fe2b8d6",
        "is_verified": false,
        "line_number": 19
      }
    ],
    "tests/test_food_apis_comprehensive_coverage.py": [
      {
        "type": "Secret Keyword",
        "filename": "tests/test_food_apis_comprehensive_coverage.py",
        "hashed_secret": "00942f4668670f34c5943cf52c7ef3139fe2b8d6",
        "is_verified": false,
        "line_number": 24
      },
      {
        "type": "Hex High Entropy String",
        "filename": "tests/test_food_apis_comprehensive_coverage.py",
        "hashed_secret": "90bd1b48e958257948487b90bee080ba5ed00caa",
        "is_verified": false,
        "line_number": 1137
      }
    ],
    "tests/test_food_merge_coverage_96.py": [
      {
        "type": "Secret Keyword",
        "filename": "tests/test_food_merge_coverage_96.py",
        "hashed_secret": "00942f4668670f34c5943cf52c7ef3139fe2b8d6",
        "is_verified": false,
        "line_number": 20
      }
    ],
    "tests/test_food_store_coverage.py": [
      {
        "type": "Secret Keyword",
        "filename": "tests/test_food_store_coverage.py",
        "hashed_secret": "00942f4668670f34c5943cf52c7ef3139fe2b8d6",
        "is_verified": false,
        "line_number": 18
      }
    ],
    "tests/test_food_store_coverage_boost.py": [
      {
        "type": "Secret Keyword",
        "filename": "tests/test_food_store_coverage_boost.py",
        "hashed_secret": "00942f4668670f34c5943cf52c7ef3139fe2b8d6",
        "is_verified": false,
        "line_number": 24
      }
    ],
    "tests/test_foods_router_coverage_boost.py": [
      {
        "type": "Secret Keyword",
        "filename": "tests/test_foods_router_coverage_boost.py",
        "hashed_secret": "00942f4668670f34c5943cf52c7ef3139fe2b8d6",
        "is_verified": false,
        "line_number": 28
      }
    ],
    "tests/test_import_errors_coverage.py": [
      {
        "type": "Secret Keyword",
        "filename": "tests/test_import_errors_coverage.py",
        "hashed_secret": "00942f4668670f34c5943cf52c7ef3139fe2b8d6",
        "is_verified": false,
        "line_number": 20
      }
    ],
    "tests/test_integrated_bayesian_analyzer.py": [
      {
        "type": "Secret Keyword",
        "filename": "tests/test_integrated_bayesian_analyzer.py",
        "hashed_secret": "a6c4db13d228623406a2d868e2fded86b19568ef",
        "is_verified": false,
        "line_number": 105
      },
      {
        "type": "Secret Keyword",
        "filename": "tests/test_integrated_bayesian_analyzer.py",
        "hashed_secret": "bec6803d524dfc1c47988f305c1ed032ae749142",
        "is_verified": false,
        "line_number": 160
      },
      {
        "type": "Secret Keyword",
        "filename": "tests/test_integrated_bayesian_analyzer.py",
        "hashed_secret": "065c5c297f3c4990036a488c5b6c2a73075d439b",
        "is_verified": false,
        "line_number": 186
      },
      {
        "type": "Secret Keyword",
        "filename": "tests/test_integrated_bayesian_analyzer.py",
        "hashed_secret": "1902e3d6fc4e78a0bcc50ba12b882769afbf4a8c",
        "is_verified": false,
        "line_number": 230
      }
    ],
    "tests/test_llm_comprehensive.py": [
      {
        "type": "Secret Keyword",
        "filename": "tests/test_llm_comprehensive.py",
        "hashed_secret": "ed65c049bb2f78ee4f703b2158ba9cc6ea31fb7e",
        "is_verified": false,
        "line_number": 165
      },
      {
        "type": "Secret Keyword",
        "filename": "tests/test_llm_comprehensive.py",
        "hashed_secret": "028780737f7f38bac0cacc9cd60a1e41dfa7bc0a",
        "is_verified": false,
        "line_number": 187
      },
      {
        "type": "Secret Keyword",
        "filename": "tests/test_llm_comprehensive.py",
        "hashed_secret": "3acfb2c2b433c0ea7ff107e33df91b18e52f960f",
        "is_verified": false,
        "line_number": 226
      }
    ],
    "tests/test_llm_import_coverage.py": [
      {
        "type": "Secret Keyword",
        "filename": "tests/test_llm_import_coverage.py",
        "hashed_secret": "00942f4668670f34c5943cf52c7ef3139fe2b8d6",
        "is_verified": false,
        "line_number": 22
      },
      {
        "type": "Secret Keyword",
        "filename": "tests/test_llm_import_coverage.py",
        "hashed_secret": "829c3804401b0727f70f73d4415e162400cbe57b",
        "is_verified": false,
        "line_number": 154
      }
    ],
    "tests/test_llm_simple_96.py": [
      {
        "type": "Secret Keyword",
        "filename": "tests/test_llm_simple_96.py",
        "hashed_secret": "00942f4668670f34c5943cf52c7ef3139fe2b8d6",
        "is_verified": false,
        "line_number": 24
      }
    ],
    "tests/test_mcp_pulseplate_server_coverage.py": [
      {
        "type": "Secret Keyword",
        "filename": "tests/test_mcp_pulseplate_server_coverage.py",
        "hashed_secret": "3acfb2c2b433c0ea7ff107e33df91b18e52f960f",
        "is_verified": false,
        "line_number": 35
      }
    ],
    "tests/test_missing_coverage.py": [
      {
        "type": "Secret Keyword",
        "filename": "tests/test_missing_coverage.py",
        "hashed_secret": "00942f4668670f34c5943cf52c7ef3139fe2b8d6",
        "is_verified": false,
        "line_number": 22
      }
    ],
    "tests/test_nutrition_bayesian_analyzer.py": [
      {
        "type": "Secret Keyword",
        "filename": "tests/test_nutrition_bayesian_analyzer.py",
        "hashed_secret": "f2b14f68eb995facb3a1c35287b778d5bd785511",
        "is_verified": false,
        "line_number": 437
      }
    ],
    "tests/test_nutrition_log_idempotency.py": [
      {
        "type": "Secret Keyword",
        "filename": "tests/test_nutrition_log_idempotency.py",
        "hashed_secret": "d981b7f1b9a3bc25045a513de209cd1aec555a29",
        "is_verified": false,
        "line_number": 103
      },
      {
        "type": "Secret Keyword",
        "filename": "tests/test_nutrition_log_idempotency.py",
        "hashed_secret": "e723117d870c9ec09e29b12ae46f4832a11d7091",
        "is_verified": false,
        "line_number": 136
      },
      {
        "type": "Secret Keyword",
        "filename": "tests/test_nutrition_log_idempotency.py",
        "hashed_secret": "f252c7f529729ad4e25b01fae1f04a068f87b923",
        "is_verified": false,
        "line_number": 182
      },
      {
        "type": "Secret Keyword",
        "filename": "tests/test_nutrition_log_idempotency.py",
        "hashed_secret": "aa685b12e20c3a3cdfe079d8381ac58f28d1a3ba",
        "is_verified": false,
        "line_number": 202
      },
      {
        "type": "Secret Keyword",
        "filename": "tests/test_nutrition_log_idempotency.py",
        "hashed_secret": "bececdef3b1931c712d1bcef90332f484d6ab531",
        "is_verified": false,
        "line_number": 223
      },
      {
        "type": "Secret Keyword",
        "filename": "tests/test_nutrition_log_idempotency.py",
        "hashed_secret": "72f508636e92117457e795d2179cffdb48bbab44",
        "is_verified": false,
        "line_number": 255
      },
      {
        "type": "Secret Keyword",
        "filename": "tests/test_nutrition_log_idempotency.py",
        "hashed_secret": "374fdc91c23f87200f858b6aba243b936a87d9bc",
        "is_verified": false,
        "line_number": 276
      },
      {
        "type": "Secret Keyword",
        "filename": "tests/test_nutrition_log_idempotency.py",
        "hashed_secret": "24155a11d5cbb402835a7c496725ceabe59e0f1d",
        "is_verified": false,
        "line_number": 331
      },
      {
        "type": "Secret Keyword",
        "filename": "tests/test_nutrition_log_idempotency.py",
        "hashed_secret": "7c62e6319af4b4fa8b83951fe5b2248eacae8d48",
        "is_verified": false,
        "line_number": 342
      },
      {
        "type": "Secret Keyword",
        "filename": "tests/test_nutrition_log_idempotency.py",
        "hashed_secret": "2bb4591bd2a62f23328501f58f81260692ac8f9c",
        "is_verified": false,
        "line_number": 359
      }
    ],
    "tests/test_patch_coverage_targets.py": [
      {
        "type": "Secret Keyword",
        "filename": "tests/test_patch_coverage_targets.py",
        "hashed_secret": "3acfb2c2b433c0ea7ff107e33df91b18e52f960f",
        "is_verified": false,
        "line_number": 55
      }
    ],
    "tests/test_premium_blocks_coverage_97.py": [
      {
        "type": "Secret Keyword",
        "filename": "tests/test_premium_blocks_coverage_97.py",
        "hashed_secret": "00942f4668670f34c5943cf52c7ef3139fe2b8d6",
        "is_verified": false,
        "line_number": 36
      }
    ],
    "tests/test_premium_bmr_api.py": [
      {
        "type": "Secret Keyword",
        "filename": "tests/test_premium_bmr_api.py",
        "hashed_secret": "00942f4668670f34c5943cf52c7ef3139fe2b8d6",
        "is_verified": false,
        "line_number": 30
      },
      {
        "type": "Secret Keyword",
        "filename": "tests/test_premium_bmr_api.py",
        "hashed_secret": "172ce43af039f34e03db145738088d0addc715d9",
        "is_verified": false,
        "line_number": 220
      }
    ],
    "tests/test_premium_targets_comprehensive.py": [
      {
        "type": "Secret Keyword",
        "filename": "tests/test_premium_targets_comprehensive.py",
        "hashed_secret": "00942f4668670f34c5943cf52c7ef3139fe2b8d6",
        "is_verified": false,
        "line_number": 22
      }
    ],
    "tests/test_premium_week_app_coverage.py": [
      {
        "type": "Secret Keyword",
        "filename": "tests/test_premium_week_app_coverage.py",
        "hashed_secret": "00942f4668670f34c5943cf52c7ef3139fe2b8d6",
        "is_verified": false,
        "line_number": 24
      }
    ],
    "tests/test_premium_week_endpoint_96.py": [
      {
        "type": "Secret Keyword",
        "filename": "tests/test_premium_week_endpoint_96.py",
        "hashed_secret": "767ef7376d44bb6e52b390ddcd12c1cb1b3902a4",
        "is_verified": false,
        "line_number": 23
      }
    ],
    "tests/test_premium_week_endpoint_simple_96.py": [
      {
        "type": "Secret Keyword",
        "filename": "tests/test_premium_week_endpoint_simple_96.py",
        "hashed_secret": "767ef7376d44bb6e52b390ddcd12c1cb1b3902a4",
        "is_verified": false,
        "line_number": 23
      }
    ],
    "tests/test_product_finder_simple_coverage.py": [
      {
        "type": "Secret Keyword",
        "filename": "tests/test_product_finder_simple_coverage.py",
        "hashed_secret": "00942f4668670f34c5943cf52c7ef3139fe2b8d6",
        "is_verified": false,
        "line_number": 19
      }
    ],
    "tests/test_recommendations_coverage.py": [
      {
        "type": "Secret Keyword",
        "filename": "tests/test_recommendations_coverage.py",
        "hashed_secret": "00942f4668670f34c5943cf52c7ef3139fe2b8d6",
        "is_verified": false,
        "line_number": 36
      }
    ],
    "tests/test_rules_who_coverage.py": [
      {
        "type": "Secret Keyword",
        "filename": "tests/test_rules_who_coverage.py",
        "hashed_secret": "00942f4668670f34c5943cf52c7ef3139fe2b8d6",
        "is_verified": false,
        "line_number": 26
      }
    ],
    "tests/test_scheduler_additional_coverage.py": [
      {
        "type": "Secret Keyword",
        "filename": "tests/test_scheduler_additional_coverage.py",
        "hashed_secret": "00942f4668670f34c5943cf52c7ef3139fe2b8d6",
        "is_verified": false,
        "line_number": 52
      }
    ],
    "tests/test_scheduler_coverage.py": [
      {
        "type": "Secret Keyword",
        "filename": "tests/test_scheduler_coverage.py",
        "hashed_secret": "00942f4668670f34c5943cf52c7ef3139fe2b8d6",
        "is_verified": false,
        "line_number": 26
      }
    ],
    "tests/test_scheduler_final_coverage.py": [
      {
        "type": "Secret Keyword",
        "filename": "tests/test_scheduler_final_coverage.py",
        "hashed_secret": "00942f4668670f34c5943cf52c7ef3139fe2b8d6",
        "is_verified": false,
        "line_number": 19
      }
    ],
    "tests/test_scheduler_missing_coverage.py": [
      {
        "type": "Secret Keyword",
        "filename": "tests/test_scheduler_missing_coverage.py",
        "hashed_secret": "00942f4668670f34c5943cf52c7ef3139fe2b8d6",
        "is_verified": false,
        "line_number": 24
      }
    ],
    "tests/test_signed_links.py": [
      {
        "type": "Secret Keyword",
        "filename": "tests/test_signed_links.py",
        "hashed_secret": "fe1bae27cb7c1fb823f496f286e78f1d2ae87734",
        "is_verified": false,
        "line_number": 5
      },
      {
        "type": "Secret Keyword",
        "filename": "tests/test_signed_links.py",
        "hashed_secret": "e5e9fa1ba31ecd1ae84f75caaa474f3a663f05f4",
        "is_verified": false,
        "line_number": 29
      }
    ],
    "tests/test_targeted_coverage.py": [
      {
        "type": "Secret Keyword",
        "filename": "tests/test_targeted_coverage.py",
        "hashed_secret": "3acfb2c2b433c0ea7ff107e33df91b18e52f960f",
        "is_verified": false,
        "line_number": 21
      }
    ],
    "tests/test_targeted_coverage_boost.py": [
      {
        "type": "Secret Keyword",
        "filename": "tests/test_targeted_coverage_boost.py",
        "hashed_secret": "00942f4668670f34c5943cf52c7ef3139fe2b8d6",
        "is_verified": false,
        "line_number": 22
      }
    ],
    "tests/test_targeted_coverage_improvement.py": [
      {
        "type": "Secret Keyword",
        "filename": "tests/test_targeted_coverage_improvement.py",
        "hashed_secret": "3acfb2c2b433c0ea7ff107e33df91b18e52f960f",
        "is_verified": false,
        "line_number": 24
      }
    ],
    "tests/test_targets_coverage.py": [
      {
        "type": "Secret Keyword",
        "filename": "tests/test_targets_coverage.py",
        "hashed_secret": "00942f4668670f34c5943cf52c7ef3139fe2b8d6",
        "is_verified": false,
        "line_number": 25
      }
    ],
    "tests/test_test_pro_access_coverage.py": [
      {
        "type": "Secret Keyword",
        "filename": "tests/test_test_pro_access_coverage.py",
        "hashed_secret": "3acfb2c2b433c0ea7ff107e33df91b18e52f960f",
        "is_verified": false,
        "line_number": 111
      },
      {
        "type": "Secret Keyword",
        "filename": "tests/test_test_pro_access_coverage.py",
        "hashed_secret": "bea2f7b64fab8d1d414d0449530b1e088d36d5b1",
        "is_verified": false,
        "line_number": 260
      }
    ],
    "tests/test_update_api_key.py": [
      {
        "type": "Secret Keyword",
        "filename": "tests/test_update_api_key.py",
        "hashed_secret": "c00dbbc9dadfbe1e232e93a729dd4752fade0abf",
        "is_verified": false,
        "line_number": 303
      }
    ],
    "tests/test_update_manager_basics.py": [
      {
        "type": "Hex High Entropy String",
        "filename": "tests/test_update_manager_basics.py",
        "hashed_secret": "7b34d80db04d99a96f1157f90c2f5ba3e38f3aba",
        "is_verified": false,
        "line_number": 269
      }
    ],
    "tests/test_vip_anonymous_api_key_safety.py": [
      {
        "type": "Secret Keyword",
        "filename": "tests/test_vip_anonymous_api_key_safety.py",
        "hashed_secret": "5ffe533b830f08a0326348a9160afafc8ada44db",
        "is_verified": false,
        "line_number": 86
      },
      {
        "type": "Secret Keyword",
        "filename": "tests/test_vip_anonymous_api_key_safety.py",
        "hashed_secret": "7cb6efb98ba5972a9b5090dc2e517fe14d12cb04",
        "is_verified": false,
        "line_number": 244
      },
      {
        "type": "Secret Keyword",
        "filename": "tests/test_vip_anonymous_api_key_safety.py",
        "hashed_secret": "dff6d4ff5dc357cf451d1855ab9cbda562645c9f",
        "is_verified": false,
        "line_number": 352
      }
    ],
    "tests/test_vip_coverage_97_final.py": [
      {
        "type": "Secret Keyword",
        "filename": "tests/test_vip_coverage_97_final.py",
        "hashed_secret": "3acfb2c2b433c0ea7ff107e33df91b18e52f960f",
        "is_verified": false,
        "line_number": 36
      }
    ],
    "tests/test_vip_coverage_additional.py": [
      {
        "type": "Secret Keyword",
        "filename": "tests/test_vip_coverage_additional.py",
        "hashed_secret": "3acfb2c2b433c0ea7ff107e33df91b18e52f960f",
        "is_verified": false,
        "line_number": 31
      },
      {
        "type": "Secret Keyword",
        "filename": "tests/test_vip_coverage_additional.py",
        "hashed_secret": "18de8e8747c829741cc7fd44c0f801a10a1d2b5b",
        "is_verified": false,
        "line_number": 86
      }
    ],
    "tests/test_vip_coverage_clean.py": [
      {
        "type": "Secret Keyword",
        "filename": "tests/test_vip_coverage_clean.py",
        "hashed_secret": "3acfb2c2b433c0ea7ff107e33df91b18e52f960f",
        "is_verified": false,
        "line_number": 26
      }
    ],
    "tests/test_vip_coverage_comprehensive.py": [
      {
        "type": "Secret Keyword",
        "filename": "tests/test_vip_coverage_comprehensive.py",
        "hashed_secret": "3acfb2c2b433c0ea7ff107e33df91b18e52f960f",
        "is_verified": false,
        "line_number": 40
      }
    ],
    "tests/test_vip_coverage_fixed.py": [
      {
        "type": "Secret Keyword",
        "filename": "tests/test_vip_coverage_fixed.py",
        "hashed_secret": "3acfb2c2b433c0ea7ff107e33df91b18e52f960f",
        "is_verified": false,
        "line_number": 22
      }
    ],
    "tests/test_vip_coverage_precise.py": [
      {
        "type": "Secret Keyword",
        "filename": "tests/test_vip_coverage_precise.py",
        "hashed_secret": "3acfb2c2b433c0ea7ff107e33df91b18e52f960f",
        "is_verified": false,
        "line_number": 40
      },
      {
        "type": "Secret Keyword",
        "filename": "tests/test_vip_coverage_precise.py",
        "hashed_secret": "dff6d4ff5dc357cf451d1855ab9cbda562645c9f",
        "is_verified": false,
        "line_number": 143
      }
    ],
    "tests/test_vip_coverage_simple.py": [
      {
        "type": "Secret Keyword",
        "filename": "tests/test_vip_coverage_simple.py",
        "hashed_secret": "18de8e8747c829741cc7fd44c0f801a10a1d2b5b",
        "is_verified": false,
        "line_number": 89
      }
    ],
    "tests/test_vip_coverage_targeted.py": [
      {
        "type": "Secret Keyword",
        "filename": "tests/test_vip_coverage_targeted.py",
        "hashed_secret": "00942f4668670f34c5943cf52c7ef3139fe2b8d6",
        "is_verified": false,
        "line_number": 25
      }
    ],
    "tests/test_vip_coverage_working.py": [
      {
        "type": "Secret Keyword",
        "filename": "tests/test_vip_coverage_working.py",
        "hashed_secret": "7cb6efb98ba5972a9b5090dc2e517fe14d12cb04",
        "is_verified": false,
        "line_number": 341
      }
    ],
    "tests/test_vip_production_simple.py": [
      {
        "type": "Secret Keyword",
        "filename": "tests/test_vip_production_simple.py",
        "hashed_secret": "7cb6efb98ba5972a9b5090dc2e517fe14d12cb04",
        "is_verified": false,
        "line_number": 25
      },
      {
        "type": "Secret Keyword",
        "filename": "tests/test_vip_production_simple.py",
        "hashed_secret": "dff6d4ff5dc357cf451d1855ab9cbda562645c9f",
        "is_verified": false,
        "line_number": 38
      }
    ],
    "tests/test_web_interface_spanish.py": [
      {
        "type": "Secret Keyword",
        "filename": "tests/test_web_interface_spanish.py",
        "hashed_secret": "00942f4668670f34c5943cf52c7ef3139fe2b8d6",
        "is_verified": false,
        "line_number": 20
      }
    ],
    "tests/test_weekly_planning_blocks_97.py": [
      {
        "type": "Secret Keyword",
        "filename": "tests/test_weekly_planning_blocks_97.py",
        "hashed_secret": "00942f4668670f34c5943cf52c7ef3139fe2b8d6",
        "is_verified": false,
        "line_number": 34
      },
      {
        "type": "Secret Keyword",
        "filename": "tests/test_weekly_planning_blocks_97.py",
        "hashed_secret": "f3be4bd471b8dd84d16f5273d2e33e5c7c9df7a8",
        "is_verified": false,
        "line_number": 244
      }
    ]
  },
  "generated_at": "2026-02-03T19:59:13Z"
}
