{
  "version": "1.5.0",
  "plugins_used": [
    {
      "name": "ArtifactoryDetector"
    },
    {
      "name": "AWSKeyDetector"
    },
    {
      "name": "AzureStorageKeyDetector"
    },
    {
      "name": "Base64HighEntropyString",
      "limit": 4.5
    },
    {
      "name": "BasicAuthDetector"
    },
    {
      "name": "CloudantDetector"
    },
    {
      "name": "DiscordBotTokenDetector"
    },
    {
      "name": "GitHubTokenDetector"
    },
    {
      "name": "GitLabTokenDetector"
    },
    {
      "name": "HexHighEntropyString",
      "limit": 3.0
    },
    {
      "name": "IbmCloudIamDetector"
    },
    {
      "name": "IbmCosHmacDetector"
    },
    {
      "name": "IPPublicDetector"
    },
    {
      "name": "JwtTokenDetector"
    },
    {
      "name": "KeywordDetector",
      "keyword_exclude": ""
    },
    {
      "name": "MailchimpDetector"
    },
    {
      "name": "NpmDetector"
    },
    {
      "name": "OpenAIDetector"
    },
    {
      "name": "PrivateKeyDetector"
    },
    {
      "name": "PypiTokenDetector"
    },
    {
      "name": "SendGridDetector"
    },
    {
      "name": "SlackDetector"
    },
    {
      "name": "SoftlayerDetector"
    },
    {
      "name": "SquareOAuthDetector"
    },
    {
      "name": "StripeDetector"
    },
    {
      "name": "TelegramBotTokenDetector"
    },
    {
      "name": "TwilioKeyDetector"
    }
  ],
  "filters_used": [
    {
      "path": "detect_secrets.filters.allowlist.is_line_allowlisted"
    },
    {
      "path": "detect_secrets.filters.common.is_baseline_file",
      "filename": ".secrets.baseline"
    },
    {
      "path": "detect_secrets.filters.common.is_ignored_due_to_verification_policies",
      "min_level": 2
    },
    {
      "path": "detect_secrets.filters.heuristic.is_indirect_reference"
    },
    {
      "path": "detect_secrets.filters.heuristic.is_likely_id_string"
    },
    {
      "path": "detect_secrets.filters.heuristic.is_lock_file"
    },
    {
      "path": "detect_secrets.filters.heuristic.is_not_alphanumeric_string"
    },
    {
      "path": "detect_secrets.filters.heuristic.is_potential_uuid"
    },
    {
      "path": "detect_secrets.filters.heuristic.is_prefixed_with_dollar_sign"
    },
    {
      "path": "detect_secrets.filters.heuristic.is_sequential_string"
    },
    {
      "path": "detect_secrets.filters.heuristic.is_swagger_file"
    },
    {
      "path": "detect_secrets.filters.heuristic.is_templated_secret"
    },
    {
      "path": "detect_secrets.filters.regex.should_exclude_file",
      "pattern": [
        "^\\.secrets\\.baseline$",
        "^ios/PulsePlate\\.xcodeproj/xcshareddata/xcschemes/PulsePlate\\.xcscheme$",
        "^ios/\\.build/",
        "^\\.venv/",
        "^\\.venv-ci/",
        "^node_modules/",
        "^dist/",
        "^build/"
      ]
    }
  ],
  "results": {
    "scripts/ci/emergency_python_wheels.json": [
      {
        "type": "Hex High Entropy String",
        "filename": "scripts/ci/emergency_python_wheels.json",
        "hashed_secret": "5c713b5180fa30b938e1d8dd498474ddbcce0ab7",
        "is_verified": false,
        "line_number": 12
      },
      {
        "type": "Hex High Entropy String",
        "filename": "scripts/ci/emergency_python_wheels.json",
        "hashed_secret": "f2e5d4ab4805f07469ee9873f68cc2c7cce1e6b2",
        "is_verified": false,
        "line_number": 19
      },
      {
        "type": "Hex High Entropy String",
        "filename": "scripts/ci/emergency_python_wheels.json",
        "hashed_secret": "0d4f2fe72200b7c3338cd6e014701d43dcf9e3de",
        "is_verified": false,
        "line_number": 26
      },
      {
        "type": "Hex High Entropy String",
        "filename": "scripts/ci/emergency_python_wheels.json",
        "hashed_secret": "996cf6ea725d60e02f32fdd2b02f5709da5ae475",
        "is_verified": false,
        "line_number": 33
      },
      {
        "type": "Hex High Entropy String",
        "filename": "scripts/ci/emergency_python_wheels.json",
        "hashed_secret": "cad2f158edf0cf8c4b75ac5aa0bf12f0c4d7ceb9",
        "is_verified": false,
        "line_number": 40
      },
      {
        "type": "Hex High Entropy String",
        "filename": "scripts/ci/emergency_python_wheels.json",
        "hashed_secret": "c0b61811baed7358a5c710e8b2e2c0c8169a5e55",
        "is_verified": false,
        "line_number": 47
      },
      {
        "type": "Hex High Entropy String",
        "filename": "scripts/ci/emergency_python_wheels.json",
        "hashed_secret": "72146717d6aa4ffbf855688626409a7c18de0955",
        "is_verified": false,
        "line_number": 54
      },
      {
        "type": "Hex High Entropy String",
        "filename": "scripts/ci/emergency_python_wheels.json",
        "hashed_secret": "6f18faded2b844679c2c0f1f99afdc77b800c19e",
        "is_verified": false,
        "line_number": 61
      },
      {
        "type": "Hex High Entropy String",
        "filename": "scripts/ci/emergency_python_wheels.json",
        "hashed_secret": "58af8df3d18fd6b6ccfd75d6dd2b05bba68f5e07",
        "is_verified": false,
        "line_number": 68
      },
      {
        "type": "Hex High Entropy String",
        "filename": "scripts/ci/emergency_python_wheels.json",
        "hashed_secret": "6e28f729cbeb4622984174b6db155786a8a8b049",
        "is_verified": false,
        "line_number": 75
      },
      {
        "type": "Hex High Entropy String",
        "filename": "scripts/ci/emergency_python_wheels.json",
        "hashed_secret": "11fa369ea25c92cfacecf793ca6707593f856da3",
        "is_verified": false,
        "line_number": 82
      },
      {
        "type": "Hex High Entropy String",
        "filename": "scripts/ci/emergency_python_wheels.json",
        "hashed_secret": "92fe9f57d606f0b3ff03d7f0966583a4af7ab9b4",
        "is_verified": false,
        "line_number": 89
      },
      {
        "type": "Hex High Entropy String",
        "filename": "scripts/ci/emergency_python_wheels.json",
        "hashed_secret": "2076e11d2c97809442c670c0fa33dc906a00f031",
        "is_verified": false,
        "line_number": 96
      },
      {
        "type": "Hex High Entropy String",
        "filename": "scripts/ci/emergency_python_wheels.json",
        "hashed_secret": "d09f8c85f8e347671e7b4f4bc76b3341fa0727b9",
        "is_verified": false,
        "line_number": 103
      },
      {
        "type": "Hex High Entropy String",
        "filename": "scripts/ci/emergency_python_wheels.json",
        "hashed_secret": "d17b1dc21afd47e49ba9ece8f526d561059f8a7d",
        "is_verified": false,
        "line_number": 110
      },
      {
        "type": "Hex High Entropy String",
        "filename": "scripts/ci/emergency_python_wheels.json",
        "hashed_secret": "10348e267e1ebfa1fe55c0c0a11a9e78088119b2",
        "is_verified": false,
        "line_number": 117
      }
    ]
  },
  "generated_at": "2026-04-16T11:52:10Z"
}
